// Jest Snapshot v1, https://goo.gl/fbAQLP

exports[`Author List Test should render as expected 1`] = `
<table
  className="table"
>
  <thead>
    <tr>
      <th>
        ID
      </th>
      <th>
        First Name
      </th>
      <th>
        Last Name
      </th>
    </tr>
  </thead>
  <tbody>
    <AuthorListRow
      author={
        Object {
          "firstName": "Cory",
          "id": "cory-house",
          "lastName": "House",
        }
      }
      key="cory-house"
    />
    <AuthorListRow
      author={
        Object {
          "firstName": "Scott",
          "id": "scott-allen",
          "lastName": "Allen",
        }
      }
      key="scott-allen"
    />
    <AuthorListRow
      author={
        Object {
          "firstName": "Dan",
          "id": "dan-wahlin",
          "lastName": "Wahlin",
        }
      }
      key="dan-wahlin"
    />
  </tbody>
</table>
`;
