// Jest Snapshot v1, https://goo.gl/fbAQLP

exports[`The Home Page should render as expected 1`] = `
<div
  className="container"
>
  <Header />
  <div
    className="jumbotron align"
  >
    <h1>
      Pluralsight Administration
    </h1>
    <p>
      React, Redux and React Router in ES2015 for ultra-responsive web apps.
    </p>
    <Link
      className="btn btn-primary btn-lg"
      replace={false}
      to="about"
    >
      Learn more
    </Link>
  </div>
</div>
`;
